// Jest Snapshot v1, https://goo.gl/fbAQLP

exports[`ProjectTeam component should render a ProjectTeam component with the correct data 1`] = `
<DocumentFragment>
  <span
    class="govuk-error-message"
  >
    <span
      class="govuk-visually-hidden"
    >
      Error:
    </span>
     There was a problem with getting the project's team members.
  </span>
</DocumentFragment>
`;
